Installation of Dependencies and Packages

1. Change directory to day2a folder


2. Run the following code to check if dependencies are ok:

$ python3 visualizer.py world1.csv human_s1.csv robot_s1.csv


3. If the above code run has errors, install the missing dependencies and packages

For python3
(a) check if python3 is installed
$ python3 -V

(b) if not, install python3:
$ sudo apt-get update
$ sudo apt-get install python3.6

For pip3
$ sudo apt install python3-pip

For pygame
sudo apt install python3-setuptools
sudo easy_install3 pip
$ sudo python3 -m pip install --user pygame


